// Jest Snapshot v1, https://goo.gl/fbAQLP

exports[`Hello Component snapshot 1`] = `
<div
  class="l-wrap"
>
  <h2
    class="c-heading"
  >
    Hello
  </h2>
   
  <ul
    class="c-list"
  >
    <list-stub
      class="c-list__child"
      listprops="List1"
    />
    <list-stub
      class="c-list__child"
      listprops="List2"
    />
    <list-stub
      class="c-list__child"
      listprops="List3"
    />
    <list-stub
      class="c-list__child"
      listprops="List4"
    />
    <list-stub
      class="c-list__child"
      listprops="List5"
    />
  </ul>
</div>
`;
